// Jest Snapshot v1, https://goo.gl/fbAQLP

exports[`withData renders children 1`] = `
<span>
  test withdata
</span>
`;
